// Jest Snapshot v1, https://goo.gl/fbAQLP

exports[`<Headline /> should render h2 headline 1`] = `
.c0 {
  padding: 0 0 0.5rem 0;
  font-size: 3.375rem;
  font-weight: 300;
  text-transform: none;
  font-family: inherit;
  line-height: 4.25rem;
  -webkit-letter-spacing: initial;
  -moz-letter-spacing: initial;
  -ms-letter-spacing: initial;
  letter-spacing: initial;
  color: inherit;
}

.c1 {
  margin: 0;
  font-weight: inherit;
  font-size: inherit;
}

<Headline
  level={2}
>
  <styled.div
    level={2}
    size="medium"
  >
    <StyledComponent
      forwardedComponent={
        Object {
          "$$typeof": Symbol(react.forward_ref),
          "attrs": Array [],
          "componentStyle": ComponentStyle {
            "componentId": "sc-bdVaJa",
            "isStatic": false,
            "lastClassName": "c0",
            "rules": Array [
              "
  padding: ",
              [Function],
              ";
  font-size: ",
              [Function],
              ";
  font-weight: ",
              [Function],
              ";
  text-transform: ",
              [Function],
              ";
  font-family: ",
              [Function],
              ";
  line-height: ",
              [Function],
              ";
  letter-spacing: ",
              [Function],
              ";
  color: ",
              [Function],
              ";
",
            ],
          },
          "displayName": "styled.div",
          "foldedComponentIds": Array [],
          "render": [Function],
          "styledComponentId": "sc-bdVaJa",
          "target": "div",
          "toString": [Function],
          "warnTooManyClasses": [Function],
          "withComponent": [Function],
        }
      }
      forwardedRef={null}
      level={2}
      size="medium"
    >
      <div
        className="c0"
        size="medium"
      >
        <styled.h2>
          <StyledComponent
            forwardedComponent={
              Object {
                "$$typeof": Symbol(react.forward_ref),
                "attrs": Array [],
                "componentStyle": ComponentStyle {
                  "componentId": "sc-htpNat",
                  "isStatic": true,
                  "lastClassName": "c1",
                  "rules": Array [
                    "
      margin: 0;
      font-weight: inherit;
      font-size: inherit;
    ",
                  ],
                },
                "displayName": "styled.h2",
                "foldedComponentIds": Array [],
                "render": [Function],
                "styledComponentId": "sc-htpNat",
                "target": "h2",
                "toString": [Function],
                "warnTooManyClasses": [Function],
                "withComponent": [Function],
              }
            }
            forwardedRef={null}
          >
            <h2
              className="c1"
            >
              h2 Headline
            </h2>
          </StyledComponent>
        </styled.h2>
      </div>
    </StyledComponent>
  </styled.div>
</Headline>
`;
